[debug] [2026-07-09T10:56:27.299Z] ----------------------------------------------------------------------
[debug] [2026-07-09T10:56:27.302Z] Command:       C:\nvm4w\nodejs\node.exe C:\Users\Administrator\AppData\Roaming\npm\node_modules\firebase-tools\lib\bin\firebase.js projects:list
[debug] [2026-07-09T10:56:27.302Z] CLI Version:   15.9.0
[debug] [2026-07-09T10:56:27.302Z] Platform:      win32
[debug] [2026-07-09T10:56:27.302Z] Node Version:  v20.20.0
[debug] [2026-07-09T10:56:27.302Z] Time:          Thu Jul 09 2026 13:56:27 GMT+0300 (East Africa Time)
[debug] [2026-07-09T10:56:27.303Z] ----------------------------------------------------------------------
[debug] 
[debug] [2026-07-09T10:56:27.305Z] >>> [apiv2][query] GET https://firebase-public.firebaseio.com/cli.json [none]
[debug] [2026-07-09T10:56:27.665Z] > command requires scopes: ["email","openid","https://www.googleapis.com/auth/cloudplatformprojects.readonly","https://www.googleapis.com/auth/firebase","https://www.googleapis.com/auth/cloud-platform"]
[debug] [2026-07-09T10:56:27.666Z] > authorizing via signed-in user (amgamiga1@gmail.com)
[debug] [2026-07-09T10:56:27.669Z] Checked if tokens are valid: false, expires at: 1779916659878
[debug] [2026-07-09T10:56:27.669Z] Checked if tokens are valid: false, expires at: 1779916659878
[debug] [2026-07-09T10:56:27.670Z] > refreshing access token with scopes: []
[debug] [2026-07-09T10:56:27.671Z] >>> [apiv2][query] POST https://www.googleapis.com/oauth2/v3/token [none]
[debug] [2026-07-09T10:56:27.671Z] >>> [apiv2][body] POST https://www.googleapis.com/oauth2/v3/token [omitted]
[debug] [2026-07-09T10:56:28.182Z] <<< [apiv2][status] POST https://www.googleapis.com/oauth2/v3/token 400
[debug] [2026-07-09T10:56:28.182Z] <<< [apiv2][body] POST https://www.googleapis.com/oauth2/v3/token [omitted]
[debug] [2026-07-09T10:56:28.184Z] >>> [apiv2][query] GET https://firebase.googleapis.com/v1beta1/projects pageSize=1000
[debug] [2026-07-09T10:56:28.438Z] <<< [apiv2][status] GET https://firebase-public.firebaseio.com/cli.json 200
[debug] [2026-07-09T10:56:28.438Z] <<< [apiv2][body] GET https://firebase-public.firebaseio.com/cli.json {"cloudBuildErrorAfter":1594252800000,"cloudBuildWarnAfter":1590019200000,"defaultNode10After":1594252800000,"minVersion":"3.0.5","node8DeploysDisabledAfter":1613390400000,"node8RuntimeDisabledAfter":1615809600000,"node8WarnAfter":1600128000000}
[debug] [2026-07-09T10:56:28.625Z] <<< [apiv2][status] GET https://firebase.googleapis.com/v1beta1/projects 401
[debug] [2026-07-09T10:56:28.625Z] <<< [apiv2][body] GET https://firebase.googleapis.com/v1beta1/projects [omitted]
[debug] [2026-07-09T10:56:28.626Z] Got a 401 Unauthenticated error for a call that required authentication. Refreshing tokens.
[debug] [2026-07-09T10:56:28.626Z] Checked if tokens are valid: false, expires at: 1779916659878
[debug] [2026-07-09T10:56:28.627Z] Checked if tokens are valid: false, expires at: 1779916659878
[debug] [2026-07-09T10:56:28.627Z] > refreshing access token with scopes: []
[debug] [2026-07-09T10:56:28.629Z] >>> [apiv2][query] POST https://www.googleapis.com/oauth2/v3/token [none]
[debug] [2026-07-09T10:56:28.629Z] >>> [apiv2][body] POST https://www.googleapis.com/oauth2/v3/token [omitted]
[debug] [2026-07-09T10:56:28.826Z] <<< [apiv2][status] POST https://www.googleapis.com/oauth2/v3/token 400
[debug] [2026-07-09T10:56:28.826Z] <<< [apiv2][body] POST https://www.googleapis.com/oauth2/v3/token [omitted]
[debug] [2026-07-09T10:56:28.828Z] Request to https://firebase.googleapis.com/v1beta1/projects?pageSize=1000 had HTTP Error: 401, Request had invalid authentication credentials. Expected OAuth 2 access token, login cookie or other valid authentication credential. See https://developers.google.com/identity/sign-in/web/devconsole-project.
[debug] [2026-07-09T10:56:29.236Z] FirebaseError: Request to https://firebase.googleapis.com/v1beta1/projects?pageSize=1000 had HTTP Error: 401, Request had invalid authentication credentials. Expected OAuth 2 access token, login cookie or other valid authentication credential. See https://developers.google.com/identity/sign-in/web/devconsole-project.
    at responseToError (C:\Users\Administrator\AppData\Roaming\npm\node_modules\firebase-tools\lib\responseToError.js:53:12)
    at RetryOperation._fn (C:\Users\Administrator\AppData\Roaming\npm\node_modules\firebase-tools\lib\apiv2.js:333:77)
    at process.processTicksAndRejections (node:internal/process/task_queues:95:5)
[error] 
[error] Error: Failed to list Firebase projects. See firebase-debug.log for more info.
